2026-03-21T11:55:20.1320666Z State: Starting, Action: EstablishingSiteNetworks, LastError: , LastErrorTimestamp: 01/01/0001 00:00:00, LastErrorDetails: , Details: , DetailsLevel: INFO
2026-03-21T11:55:23.1026267Z State: Starting, Action: StartingSiteContainers, LastError: , LastErrorTimestamp: 01/01/0001 00:00:00, LastErrorDetails: , Details: , DetailsLevel: INFO
2026-03-21T11:55:23.1237399Z Container start method called.
2026-03-21T11:55:23.1845885Z State: Starting, Action: PullingImage, LastError: , LastErrorTimestamp: 01/01/0001 00:00:00, LastErrorDetails: , Details: Pulling image voltairegistry.azurecr.io/voltai-backend:latest for voltai-api-prod., DetailsLevel: INFO
2026-03-21T11:55:23.1849768Z Establishing network.
2026-03-21T11:55:23.1958506Z Pulling image: voltairegistry.azurecr.io/voltai-backend:latest.
2026-03-21T11:55:27.5100341Z Container pull image failed with reason: ImagePullFailure. Revert by terminate.
2026-03-21T11:55:27.5293170Z Container is terminating. Grace period: 5 seconds.
2026-03-21T11:55:27.5315679Z Container spec TerminationMessagePolicy  path 
2026-03-21T11:55:27.5417528Z Container is terminated. Total time elapsed: 11 ms.
2026-03-21T11:55:27.5497479Z Site container: voltai-api-prod terminated during site startup.
2026-03-21T11:55:27.5517003Z State: Stopping, Action: CancellingStartup, LastError: , LastErrorTimestamp: 01/01/0001 00:00:00, LastErrorDetails: , Details: Site container: voltai-api-prod terminated during site startup. Cancelling site startup., DetailsLevel: ERR
2026-03-21T11:55:27.6090411Z State: Stopping, Action: CancellingStartup, LastError: ImagePullUnauthorizedFailure, LastErrorTimestamp: 03/21/2026 11:55:27, LastErrorDetails: Failed to pull image: voltairegistry.azurecr.io/voltai-backend:latest. Image pull failed with forbidden or unauthorized. Check registry credentials., Details: Site container: voltai-api-prod terminated during site startup. Cancelling site startup., DetailsLevel: ERR
2026-03-21T11:55:27.6213562Z Failed to start site. Revert by stopping site.
2026-03-21T11:55:27.6539460Z State: Stopping, Action: StoppingSite, LastError: ImagePullUnauthorizedFailure, LastErrorTimestamp: 03/21/2026 11:55:27, LastErrorDetails: Failed to pull image: voltairegistry.azurecr.io/voltai-backend:latest. Image pull failed with forbidden or unauthorized. Check registry credentials., Details: Site container: voltai-api-prod terminated during site startup. Cancelling site startup., DetailsLevel: ERR
2026-03-21T11:55:27.6704659Z State: Stopping, Action: StoppingSiteContainers, LastError: ImagePullUnauthorizedFailure, LastErrorTimestamp: 03/21/2026 11:55:27, LastErrorDetails: Failed to pull image: voltairegistry.azurecr.io/voltai-backend:latest. Image pull failed with forbidden or unauthorized. Check registry credentials., Details: Site container: voltai-api-prod terminated during site startup. Cancelling site startup., DetailsLevel: ERR
2026-03-21T11:55:27.6725048Z Site: voltai-api-prod stopped.
2026-03-21T11:55:27.7015424Z State: Stopping, Action: UnmountingVolumes, LastError: ImagePullUnauthorizedFailure, LastErrorTimestamp: 03/21/2026 11:55:27, LastErrorDetails: Failed to pull image: voltairegistry.azurecr.io/voltai-backend:latest. Image pull failed with forbidden or unauthorized. Check registry credentials., Details: Site container: voltai-api-prod terminated during site startup. Cancelling site startup., DetailsLevel: ERR
2026-03-21T11:55:28.0540547Z State: Stopping, Action: StoppingSiteNetworks, LastError: ImagePullUnauthorizedFailure, LastErrorTimestamp: 03/21/2026 11:55:27, LastErrorDetails: Failed to pull image: voltairegistry.azurecr.io/voltai-backend:latest. Image pull failed with forbidden or unauthorized. Check registry credentials., Details: Site container: voltai-api-prod terminated during site startup. Cancelling site startup., DetailsLevel: ERR
2026-03-21T11:55:28.3748801Z State: Stopped, Action: None, LastError: ImagePullUnauthorizedFailure, LastErrorTimestamp: 03/21/2026 11:55:27, LastErrorDetails: Failed to pull image: voltairegistry.azurecr.io/voltai-backend:latest. Image pull failed with forbidden or unauthorized. Check registry credentials., Details: Site stopped at 03/21/2026 11:55:28 (UTC), DetailsLevel: ERR
2026-03-21T11:55:28.9473149Z State: Stopped, Action: None, LastError: ImagePullUnauthorizedFailure, LastErrorTimestamp: 03/21/2026 11:55:27, LastErrorDetails: Failed to pull image: voltairegistry.azurecr.io/voltai-backend:latest. Image pull failed with forbidden or unauthorized. Check registry credentials., Details: Site stopped at 03/21/2026 11:55:28 (UTC), DetailsLevel: ERR
2026-03-21T11:55:29.5041796Z State: Starting, Action: EstablishingSiteNetworks, LastError: ImagePullUnauthorizedFailure, LastErrorTimestamp: 03/21/2026 11:55:27, LastErrorDetails: Failed to pull image: voltairegistry.azurecr.io/voltai-backend:latest. Image pull failed with forbidden or unauthorized. Check registry credentials., Details: Site stopped at 03/21/2026 11:55:28 (UTC), DetailsLevel: ERR
2026-03-21T11:55:31.0377646Z State: Starting, Action: StartingSiteContainers, LastError: ImagePullUnauthorizedFailure, LastErrorTimestamp: 03/21/2026 11:55:27, LastErrorDetails: Failed to pull image: voltairegistry.azurecr.io/voltai-backend:latest. Image pull failed with forbidden or unauthorized. Check registry credentials., Details: Site stopped at 03/21/2026 11:55:28 (UTC), DetailsLevel: ERR
2026-03-21T11:55:31.0381315Z Container start method called.
2026-03-21T11:55:31.0382347Z State: Starting, Action: PullingImage, LastError: ImagePullUnauthorizedFailure, LastErrorTimestamp: 03/21/2026 11:55:27, LastErrorDetails: Failed to pull image: voltairegistry.azurecr.io/voltai-backend:latest. Image pull failed with forbidden or unauthorized. Check registry credentials., Details: Pulling image voltairegistry.azurecr.io/voltai-backend:latest for voltai-api-prod., DetailsLevel: INFO
2026-03-21T11:55:31.0383347Z Establishing network.
2026-03-21T11:55:31.0384501Z Pulling image: voltairegistry.azurecr.io/voltai-backend:latest.
2026-03-21T11:55:35.5411250Z Container pull image failed with reason: ImagePullFailure. Revert by terminate.
2026-03-21T11:55:35.5413517Z Container is terminating. Grace period: 5 seconds.
2026-03-21T11:55:35.5414551Z Container spec TerminationMessagePolicy  path 
2026-03-21T11:55:35.5415606Z Container is terminated. Total time elapsed: 0 ms.
2026-03-21T11:55:35.5416443Z Site container: voltai-api-prod terminated during site startup.
2026-03-21T11:55:35.5417399Z State: Stopping, Action: CancellingStartup, LastError: ImagePullUnauthorizedFailure, LastErrorTimestamp: 03/21/2026 11:55:27, LastErrorDetails: Failed to pull image: voltairegistry.azurecr.io/voltai-backend:latest. Image pull failed with forbidden or unauthorized. Check registry credentials., Details: Site container: voltai-api-prod terminated during site startup. Cancelling site startup., DetailsLevel: ERR
2026-03-21T11:55:35.5689770Z State: Stopping, Action: CancellingStartup, LastError: ImagePullUnauthorizedFailure, LastErrorTimestamp: 03/21/2026 11:55:35, LastErrorDetails: Failed to pull image: voltairegistry.azurecr.io/voltai-backend:latest. Image pull failed with forbidden or unauthorized. Check registry credentials., Details: Site container: voltai-api-prod terminated during site startup. Cancelling site startup., DetailsLevel: ERR
2026-03-21T11:55:35.5908194Z Failed to start site. Revert by stopping site.
2026-03-21T11:55:35.5989542Z State: Stopping, Action: StoppingSite, LastError: ImagePullUnauthorizedFailure, LastErrorTimestamp: 03/21/2026 11:55:35, LastErrorDetails: Failed to pull image: voltairegistry.azurecr.io/voltai-backend:latest. Image pull failed with forbidden or unauthorized. Check registry credentials., Details: Site container: voltai-api-prod terminated during site startup. Cancelling site startup., DetailsLevel: ERR
2026-03-21T11:55:35.6002615Z State: Stopping, Action: StoppingSiteContainers, LastError: ImagePullUnauthorizedFailure, LastErrorTimestamp: 03/21/2026 11:55:35, LastErrorDetails: Failed to pull image: voltairegistry.azurecr.io/voltai-backend:latest. Image pull failed with forbidden or unauthorized. Check registry credentials., Details: Site container: voltai-api-prod terminated during site startup. Cancelling site startup., DetailsLevel: ERR
2026-03-21T11:55:35.6002976Z Site: voltai-api-prod stopped.
2026-03-21T11:55:35.6020423Z State: Stopping, Action: UnmountingVolumes, LastError: ImagePullUnauthorizedFailure, LastErrorTimestamp: 03/21/2026 11:55:35, LastErrorDetails: Failed to pull image: voltairegistry.azurecr.io/voltai-backend:latest. Image pull failed with forbidden or unauthorized. Check registry credentials., Details: Site container: voltai-api-prod terminated during site startup. Cancelling site startup., DetailsLevel: ERR
2026-03-21T11:55:35.8420321Z State: Stopping, Action: StoppingSiteNetworks, LastError: ImagePullUnauthorizedFailure, LastErrorTimestamp: 03/21/2026 11:55:35, LastErrorDetails: Failed to pull image: voltairegistry.azurecr.io/voltai-backend:latest. Image pull failed with forbidden or unauthorized. Check registry credentials., Details: Site container: voltai-api-prod terminated during site startup. Cancelling site startup., DetailsLevel: ERR
2026-03-21T11:55:36.3410389Z Site: voltai-api-prod will be blocked for 1 minutes till 03/21/2026 11:56:36
2026-03-21T11:55:36.3419146Z State: Blocked, Action: StoppingSiteNetworks, LastError: ImagePullUnauthorizedFailure, LastErrorTimestamp: 03/21/2026 11:55:35, LastErrorDetails: Failed to pull image: voltairegistry.azurecr.io/voltai-backend:latest. Image pull failed with forbidden or unauthorized. Check registry credentials., Details: Site: voltai-api-prod will be blocked for 1 minutes till 03/21/2026 11:56:36, DetailsLevel: WARN
2026-03-21T11:55:36.3920334Z State: Stopped, Action: None, LastError: ImagePullUnauthorizedFailure, LastErrorTimestamp: 03/21/2026 11:55:35, LastErrorDetails: Failed to pull image: voltairegistry.azurecr.io/voltai-backend:latest. Image pull failed with forbidden or unauthorized. Check registry credentials., Details: Site stopped at 03/21/2026 11:55:36 (UTC), DetailsLevel: WARN
2026-03-21T11:55:36.6216830Z State: Stopped, Action: None, LastError: ImagePullUnauthorizedFailure, LastErrorTimestamp: 03/21/2026 11:55:35, LastErrorDetails: Failed to pull image: voltairegistry.azurecr.io/voltai-backend:latest. Image pull failed with forbidden or unauthorized. Check registry credentials., Details: Site stopped at 03/21/2026 11:55:36 (UTC), DetailsLevel: WARN
2026-03-21T11:55:41.6078750Z State: Blocked, Action: None, LastError: ImagePullUnauthorizedFailure, LastErrorTimestamp: 03/21/2026 11:55:35, LastErrorDetails: Failed to pull image: voltairegistry.azurecr.io/voltai-backend:latest. Image pull failed with forbidden or unauthorized. Check registry credentials., Details: Site is blocked due to multiple, consecutive cold start failures. Site scheduled to be unblocked at 03/21/2026 11:56:36, DetailsLevel: WARN
2026-03-21T11:55:41.6079434Z Start site prohibitted because the site is being blocked.
2026-03-21T11:55:46.7197673Z State: Blocked, Action: None, LastError: ImagePullUnauthorizedFailure, LastErrorTimestamp: 03/21/2026 11:55:35, LastErrorDetails: Failed to pull image: voltairegistry.azurecr.io/voltai-backend:latest. Image pull failed with forbidden or unauthorized. Check registry credentials., Details: Site is blocked due to multiple, consecutive cold start failures. Site scheduled to be unblocked at 03/21/2026 11:56:36, DetailsLevel: WARN
2026-03-21T11:55:46.7198585Z Start site prohibitted because the site is being blocked.
2026-03-21T11:55:51.8970176Z State: Blocked, Action: None, LastError: ImagePullUnauthorizedFailure, LastErrorTimestamp: 03/21/2026 11:55:35, LastErrorDetails: Failed to pull image: voltairegistry.azurecr.io/voltai-backend:latest. Image pull failed with forbidden or unauthorized. Check registry credentials., Details: Site is blocked due to multiple, consecutive cold start failures. Site scheduled to be unblocked at 03/21/2026 11:56:36, DetailsLevel: WARN
2026-03-21T11:55:51.8980620Z Start site prohibitted because the site is being blocked.
2026-03-21T11:55:57.0493713Z State: Blocked, Action: None, LastError: ImagePullUnauthorizedFailure, LastErrorTimestamp: 03/21/2026 11:55:35, LastErrorDetails: Failed to pull image: voltairegistry.azurecr.io/voltai-backend:latest. Image pull failed with forbidden or unauthorized. Check registry credentials., Details: Site is blocked due to multiple, consecutive cold start failures. Site scheduled to be unblocked at 03/21/2026 11:56:36, DetailsLevel: WARN
2026-03-21T11:55:57.0494492Z Start site prohibitted because the site is being blocked.
2026-03-21T11:56:02.3761930Z State: Blocked, Action: None, LastError: ImagePullUnauthorizedFailure, LastErrorTimestamp: 03/21/2026 11:55:35, LastErrorDetails: Failed to pull image: voltairegistry.azurecr.io/voltai-backend:latest. Image pull failed with forbidden or unauthorized. Check registry credentials., Details: Site is blocked due to multiple, consecutive cold start failures. Site scheduled to be unblocked at 03/21/2026 11:56:36, DetailsLevel: WARN
2026-03-21T11:56:02.4339573Z Start site prohibitted because the site is being blocked.
2026-03-21T11:56:07.7533436Z State: Blocked, Action: None, LastError: ImagePullUnauthorizedFailure, LastErrorTimestamp: 03/21/2026 11:55:35, LastErrorDetails: Failed to pull image: voltairegistry.azurecr.io/voltai-backend:latest. Image pull failed with forbidden or unauthorized. Check registry credentials., Details: Site is blocked due to multiple, consecutive cold start failures. Site scheduled to be unblocked at 03/21/2026 11:56:36, DetailsLevel: WARN
2026-03-21T11:56:07.7534106Z Start site prohibitted because the site is being blocked.
2026-03-21T11:56:12.9953322Z State: Blocked, Action: None, LastError: ImagePullUnauthorizedFailure, LastErrorTimestamp: 03/21/2026 11:55:35, LastErrorDetails: Failed to pull image: voltairegistry.azurecr.io/voltai-backend:latest. Image pull failed with forbidden or unauthorized. Check registry credentials., Details: Site is blocked due to multiple, consecutive cold start failures. Site scheduled to be unblocked at 03/21/2026 11:56:36, DetailsLevel: WARN
2026-03-21T11:56:12.9955427Z Start site prohibitted because the site is being blocked.
2026-03-21T11:56:18.1587141Z State: Blocked, Action: None, LastError: ImagePullUnauthorizedFailure, LastErrorTimestamp: 03/21/2026 11:55:35, LastErrorDetails: Failed to pull image: voltairegistry.azurecr.io/voltai-backend:latest. Image pull failed with forbidden or unauthorized. Check registry credentials., Details: Site is blocked due to multiple, consecutive cold start failures. Site scheduled to be unblocked at 03/21/2026 11:56:36, DetailsLevel: WARN
2026-03-21T11:56:18.1587505Z Start site prohibitted because the site is being blocked.
2026-03-21T11:56:23.3530734Z State: Blocked, Action: None, LastError: ImagePullUnauthorizedFailure, LastErrorTimestamp: 03/21/2026 11:55:35, LastErrorDetails: Failed to pull image: voltairegistry.azurecr.io/voltai-backend:latest. Image pull failed with forbidden or unauthorized. Check registry credentials., Details: Site is blocked due to multiple, consecutive cold start failures. Site scheduled to be unblocked at 03/21/2026 11:56:36, DetailsLevel: WARN
2026-03-21T11:56:23.3531130Z Start site prohibitted because the site is being blocked.
2026-03-21T11:56:28.5083716Z State: Blocked, Action: None, LastError: ImagePullUnauthorizedFailure, LastErrorTimestamp: 03/21/2026 11:55:35, LastErrorDetails: Failed to pull image: voltairegistry.azurecr.io/voltai-backend:latest. Image pull failed with forbidden or unauthorized. Check registry credentials., Details: Site is blocked due to multiple, consecutive cold start failures. Site scheduled to be unblocked at 03/21/2026 11:56:36, DetailsLevel: WARN
2026-03-21T11:56:28.5173174Z Start site prohibitted because the site is being blocked.
2026-03-21T11:56:33.6995844Z State: Blocked, Action: None, LastError: ImagePullUnauthorizedFailure, LastErrorTimestamp: 03/21/2026 11:55:35, LastErrorDetails: Failed to pull image: voltairegistry.azurecr.io/voltai-backend:latest. Image pull failed with forbidden or unauthorized. Check registry credentials., Details: Site is blocked due to multiple, consecutive cold start failures. Site scheduled to be unblocked at 03/21/2026 11:56:36, DetailsLevel: WARN
2026-03-21T11:56:33.6996439Z Start site prohibitted because the site is being blocked.
2026-03-21T11:56:36.2037703Z State: Blocked, Action: None, LastError: ImagePullUnauthorizedFailure, LastErrorTimestamp: 03/21/2026 11:55:35, LastErrorDetails: Failed to pull image: voltairegistry.azurecr.io/voltai-backend:latest. Image pull failed with forbidden or unauthorized. Check registry credentials., Details: Site is blocked due to multiple, consecutive cold start failures. Site scheduled to be unblocked at 03/21/2026 11:56:36, DetailsLevel: WARN
2026-03-21T11:56:36.2038885Z Start site prohibitted because the site is being blocked.
2026-03-21T11:56:36.3519011Z Site: voltai-api-prod is unblocked.
2026-03-21T11:56:38.8118319Z State: Starting, Action: EstablishingSiteNetworks, LastError: ImagePullUnauthorizedFailure, LastErrorTimestamp: 03/21/2026 11:55:35, LastErrorDetails: Failed to pull image: voltairegistry.azurecr.io/voltai-backend:latest. Image pull failed with forbidden or unauthorized. Check registry credentials., Details: Site is blocked due to multiple, consecutive cold start failures. Site scheduled to be unblocked at 03/21/2026 11:56:36, DetailsLevel: WARN
2026-03-21T11:56:40.4622718Z State: Starting, Action: StartingSiteContainers, LastError: ImagePullUnauthorizedFailure, LastErrorTimestamp: 03/21/2026 11:55:35, LastErrorDetails: Failed to pull image: voltairegistry.azurecr.io/voltai-backend:latest. Image pull failed with forbidden or unauthorized. Check registry credentials., Details: Site is blocked due to multiple, consecutive cold start failures. Site scheduled to be unblocked at 03/21/2026 11:56:36, DetailsLevel: WARN
2026-03-21T11:56:40.4623770Z Container start method called.
2026-03-21T11:56:40.4624174Z State: Starting, Action: PullingImage, LastError: ImagePullUnauthorizedFailure, LastErrorTimestamp: 03/21/2026 11:55:35, LastErrorDetails: Failed to pull image: voltairegistry.azurecr.io/voltai-backend:latest. Image pull failed with forbidden or unauthorized. Check registry credentials., Details: Pulling image voltairegistry.azurecr.io/voltai-backend:latest for voltai-api-prod., DetailsLevel: INFO
2026-03-21T11:56:40.4625022Z Establishing network.
2026-03-21T11:56:40.4626089Z Pulling image: voltairegistry.azurecr.io/voltai-backend:latest.
2026-03-21T11:56:44.3483110Z Container pull image failed with reason: ImagePullFailure. Revert by terminate.
2026-03-21T11:56:44.3490463Z Container is terminating. Grace period: 5 seconds.
2026-03-21T11:56:44.3495296Z Container spec TerminationMessagePolicy  path 
2026-03-21T11:56:44.3497851Z Container is terminated. Total time elapsed: 0 ms.
2026-03-21T11:56:44.3499101Z Site container: voltai-api-prod terminated during site startup.
2026-03-21T11:56:44.3500195Z State: Stopping, Action: CancellingStartup, LastError: ImagePullUnauthorizedFailure, LastErrorTimestamp: 03/21/2026 11:55:35, LastErrorDetails: Failed to pull image: voltairegistry.azurecr.io/voltai-backend:latest. Image pull failed with forbidden or unauthorized. Check registry credentials., Details: Site container: voltai-api-prod terminated during site startup. Cancelling site startup., DetailsLevel: ERR
2026-03-21T11:56:44.3612546Z State: Stopping, Action: CancellingStartup, LastError: ImagePullUnauthorizedFailure, LastErrorTimestamp: 03/21/2026 11:56:44, LastErrorDetails: Failed to pull image: voltairegistry.azurecr.io/voltai-backend:latest. Image pull failed with forbidden or unauthorized. Check registry credentials., Details: Site container: voltai-api-prod terminated during site startup. Cancelling site startup., DetailsLevel: ERR
2026-03-21T11:56:44.3808795Z Failed to start site. Revert by stopping site.
2026-03-21T11:56:44.3893170Z State: Stopping, Action: StoppingSite, LastError: ImagePullUnauthorizedFailure, LastErrorTimestamp: 03/21/2026 11:56:44, LastErrorDetails: Failed to pull image: voltairegistry.azurecr.io/voltai-backend:latest. Image pull failed with forbidden or unauthorized. Check registry credentials., Details: Site container: voltai-api-prod terminated during site startup. Cancelling site startup., DetailsLevel: ERR
2026-03-21T11:56:44.3907844Z State: Stopping, Action: StoppingSiteContainers, LastError: ImagePullUnauthorizedFailure, LastErrorTimestamp: 03/21/2026 11:56:44, LastErrorDetails: Failed to pull image: voltairegistry.azurecr.io/voltai-backend:latest. Image pull failed with forbidden or unauthorized. Check registry credentials., Details: Site container: voltai-api-prod terminated during site startup. Cancelling site startup., DetailsLevel: ERR
2026-03-21T11:56:44.3908236Z Site: voltai-api-prod stopped.
2026-03-21T11:56:44.4002019Z State: Stopping, Action: UnmountingVolumes, LastError: ImagePullUnauthorizedFailure, LastErrorTimestamp: 03/21/2026 11:56:44, LastErrorDetails: Failed to pull image: voltairegistry.azurecr.io/voltai-backend:latest. Image pull failed with forbidden or unauthorized. Check registry credentials., Details: Site container: voltai-api-prod terminated during site startup. Cancelling site startup., DetailsLevel: ERR
2026-03-21T11:56:44.5717426Z State: Stopping, Action: StoppingSiteNetworks, LastError: ImagePullUnauthorizedFailure, LastErrorTimestamp: 03/21/2026 11:56:44, LastErrorDetails: Failed to pull image: voltairegistry.azurecr.io/voltai-backend:latest. Image pull failed with forbidden or unauthorized. Check registry credentials., Details: Site container: voltai-api-prod terminated during site startup. Cancelling site startup., DetailsLevel: ERR
2026-03-21T11:56:44.8620796Z Site: voltai-api-prod will be blocked for 1 minutes till 03/21/2026 11:57:44
2026-03-21T11:56:44.8637978Z State: Blocked, Action: StoppingSiteNetworks, LastError: ImagePullUnauthorizedFailure, LastErrorTimestamp: 03/21/2026 11:56:44, LastErrorDetails: Failed to pull image: voltairegistry.azurecr.io/voltai-backend:latest. Image pull failed with forbidden or unauthorized. Check registry credentials., Details: Site: voltai-api-prod will be blocked for 1 minutes till 03/21/2026 11:57:44, DetailsLevel: WARN
2026-03-21T11:56:44.8651680Z State: Stopped, Action: None, LastError: ImagePullUnauthorizedFailure, LastErrorTimestamp: 03/21/2026 11:56:44, LastErrorDetails: Failed to pull image: voltairegistry.azurecr.io/voltai-backend:latest. Image pull failed with forbidden or unauthorized. Check registry credentials., Details: Site stopped at 03/21/2026 11:56:44 (UTC), DetailsLevel: WARN
2026-03-21T11:56:45.3557680Z State: Stopped, Action: None, LastError: ImagePullUnauthorizedFailure, LastErrorTimestamp: 03/21/2026 11:56:44, LastErrorDetails: Failed to pull image: voltairegistry.azurecr.io/voltai-backend:latest. Image pull failed with forbidden or unauthorized. Check registry credentials., Details: Site stopped at 03/21/2026 11:56:44 (UTC), DetailsLevel: WARN
2026-03-21T11:57:18.2780871Z State: Blocked, Action: None, LastError: ImagePullUnauthorizedFailure, LastErrorTimestamp: 03/21/2026 11:56:44, LastErrorDetails: Failed to pull image: voltairegistry.azurecr.io/voltai-backend:latest. Image pull failed with forbidden or unauthorized. Check registry credentials., Details: Site is blocked due to multiple, consecutive cold start failures. Site scheduled to be unblocked at 03/21/2026 11:57:44, DetailsLevel: WARN
2026-03-21T11:57:18.2781751Z Start site prohibitted because the site is being blocked.
2026-03-21T11:57:18.7797195Z State: Blocked, Action: None, LastError: ImagePullUnauthorizedFailure, LastErrorTimestamp: 03/21/2026 11:56:44, LastErrorDetails: Failed to pull image: voltairegistry.azurecr.io/voltai-backend:latest. Image pull failed with forbidden or unauthorized. Check registry credentials., Details: Site is blocked due to multiple, consecutive cold start failures. Site scheduled to be unblocked at 03/21/2026 11:57:44, DetailsLevel: WARN
2026-03-21T11:57:18.7797712Z Start site prohibitted because the site is being blocked.
2026-03-21T11:57:24.0455012Z State: Blocked, Action: None, LastError: ImagePullUnauthorizedFailure, LastErrorTimestamp: 03/21/2026 11:56:44, LastErrorDetails: Failed to pull image: voltairegistry.azurecr.io/voltai-backend:latest. Image pull failed with forbidden or unauthorized. Check registry credentials., Details: Site is blocked due to multiple, consecutive cold start failures. Site scheduled to be unblocked at 03/21/2026 11:57:44, DetailsLevel: WARN
2026-03-21T11:57:24.0550303Z Start site prohibitted because the site is being blocked.
2026-03-21T11:57:29.7001874Z State: Blocked, Action: None, LastError: ImagePullUnauthorizedFailure, LastErrorTimestamp: 03/21/2026 11:56:44, LastErrorDetails: Failed to pull image: voltairegistry.azurecr.io/voltai-backend:latest. Image pull failed with forbidden or unauthorized. Check registry credentials., Details: Site is blocked due to multiple, consecutive cold start failures. Site scheduled to be unblocked at 03/21/2026 11:57:44, DetailsLevel: WARN
2026-03-21T11:57:29.7002176Z Start site prohibitted because the site is being blocked.
2026-03-21T11:57:35.0341446Z State: Blocked, Action: None, LastError: ImagePullUnauthorizedFailure, LastErrorTimestamp: 03/21/2026 11:56:44, LastErrorDetails: Failed to pull image: voltairegistry.azurecr.io/voltai-backend:latest. Image pull failed with forbidden or unauthorized. Check registry credentials., Details: Site is blocked due to multiple, consecutive cold start failures. Site scheduled to be unblocked at 03/21/2026 11:57:44, DetailsLevel: WARN
2026-03-21T11:57:35.0341974Z Start site prohibitted because the site is being blocked.
2026-03-21T11:57:40.2020794Z State: Blocked, Action: None, LastError: ImagePullUnauthorizedFailure, LastErrorTimestamp: 03/21/2026 11:56:44, LastErrorDetails: Failed to pull image: voltairegistry.azurecr.io/voltai-backend:latest. Image pull failed with forbidden or unauthorized. Check registry credentials., Details: Site is blocked due to multiple, consecutive cold start failures. Site scheduled to be unblocked at 03/21/2026 11:57:44, DetailsLevel: WARN
2026-03-21T11:57:40.2021319Z Start site prohibitted because the site is being blocked.
2026-03-21T11:57:44.8591335Z Site: voltai-api-prod is unblocked.
2026-03-21T11:57:45.3896432Z State: Starting, Action: EstablishingSiteNetworks, LastError: ImagePullUnauthorizedFailure, LastErrorTimestamp: 03/21/2026 11:56:44, LastErrorDetails: Failed to pull image: voltairegistry.azurecr.io/voltai-backend:latest. Image pull failed with forbidden or unauthorized. Check registry credentials., Details: Site is blocked due to multiple, consecutive cold start failures. Site scheduled to be unblocked at 03/21/2026 11:57:44, DetailsLevel: WARN
2026-03-21T11:57:47.0390605Z State: Starting, Action: StartingSiteContainers, LastError: ImagePullUnauthorizedFailure, LastErrorTimestamp: 03/21/2026 11:56:44, LastErrorDetails: Failed to pull image: voltairegistry.azurecr.io/voltai-backend:latest. Image pull failed with forbidden or unauthorized. Check registry credentials., Details: Site is blocked due to multiple, consecutive cold start failures. Site scheduled to be unblocked at 03/21/2026 11:57:44, DetailsLevel: WARN
2026-03-21T11:57:47.0394087Z Container start method called.
2026-03-21T11:57:47.0394747Z State: Starting, Action: PullingImage, LastError: ImagePullUnauthorizedFailure, LastErrorTimestamp: 03/21/2026 11:56:44, LastErrorDetails: Failed to pull image: voltairegistry.azurecr.io/voltai-backend:latest. Image pull failed with forbidden or unauthorized. Check registry credentials., Details: Pulling image voltairegistry.azurecr.io/voltai-backend:latest for voltai-api-prod., DetailsLevel: INFO
2026-03-21T11:57:47.0398344Z Establishing network.
2026-03-21T11:57:47.0399936Z Pulling image: voltairegistry.azurecr.io/voltai-backend:latest.
2026-03-21T11:57:50.9699468Z Container pull image failed with reason: ImagePullFailure. Revert by terminate.
2026-03-21T11:57:50.9703918Z Container is terminating. Grace period: 5 seconds.
2026-03-21T11:57:50.9705917Z Container spec TerminationMessagePolicy  path 
2026-03-21T11:57:50.9880339Z Container is terminated. Total time elapsed: 0 ms.
2026-03-21T11:57:50.9885740Z Site container: voltai-api-prod terminated during site startup.
2026-03-21T11:57:50.9888270Z State: Stopping, Action: CancellingStartup, LastError: ImagePullUnauthorizedFailure, LastErrorTimestamp: 03/21/2026 11:56:44, LastErrorDetails: Failed to pull image: voltairegistry.azurecr.io/voltai-backend:latest. Image pull failed with forbidden or unauthorized. Check registry credentials., Details: Site container: voltai-api-prod terminated during site startup. Cancelling site startup., DetailsLevel: ERR
2026-03-21T11:57:50.9900276Z State: Stopping, Action: CancellingStartup, LastError: ImagePullUnauthorizedFailure, LastErrorTimestamp: 03/21/2026 11:57:50, LastErrorDetails: Failed to pull image: voltairegistry.azurecr.io/voltai-backend:latest. Image pull failed with forbidden or unauthorized. Check registry credentials., Details: Site container: voltai-api-prod terminated during site startup. Cancelling site startup., DetailsLevel: ERR
2026-03-21T11:57:51.0181920Z Failed to start site. Revert by stopping site.
2026-03-21T11:57:51.0185909Z State: Stopping, Action: StoppingSite, LastError: ImagePullUnauthorizedFailure, LastErrorTimestamp: 03/21/2026 11:57:50, LastErrorDetails: Failed to pull image: voltairegistry.azurecr.io/voltai-backend:latest. Image pull failed with forbidden or unauthorized. Check registry credentials., Details: Site container: voltai-api-prod terminated during site startup. Cancelling site startup., DetailsLevel: ERR
2026-03-21T11:57:51.0195388Z State: Stopping, Action: StoppingSiteContainers, LastError: ImagePullUnauthorizedFailure, LastErrorTimestamp: 03/21/2026 11:57:50, LastErrorDetails: Failed to pull image: voltairegistry.azurecr.io/voltai-backend:latest. Image pull failed with forbidden or unauthorized. Check registry credentials., Details: Site container: voltai-api-prod terminated during site startup. Cancelling site startup., DetailsLevel: ERR
2026-03-21T11:57:51.0195681Z Site: voltai-api-prod stopped.
2026-03-21T11:58:33.1042621Z State: Starting, Action: EstablishingSiteNetworks, LastError: ImagePullUnauthorizedFailure, LastErrorTimestamp: 03/21/2026 11:57:50, LastErrorDetails: Failed to pull image: voltairegistry.azurecr.io/voltai-backend:latest. Image pull failed with forbidden or unauthorized. Check registry credentials., Details: Site is blocked due to multiple, consecutive cold start failures. Site scheduled to be unblocked at 03/21/2026 11:59:51, DetailsLevel: WARN
2026-03-21T11:58:35.3821945Z State: Starting, Action: StartingSiteContainers, LastError: ImagePullUnauthorizedFailure, LastErrorTimestamp: 03/21/2026 11:57:50, LastErrorDetails: Failed to pull image: voltairegistry.azurecr.io/voltai-backend:latest. Image pull failed with forbidden or unauthorized. Check registry credentials., Details: Site is blocked due to multiple, consecutive cold start failures. Site scheduled to be unblocked at 03/21/2026 11:59:51, DetailsLevel: WARN
2026-03-21T11:58:35.3832946Z Container start method called.
2026-03-21T11:58:35.3836454Z State: Starting, Action: PullingImage, LastError: ImagePullUnauthorizedFailure, LastErrorTimestamp: 03/21/2026 11:57:50, LastErrorDetails: Failed to pull image: voltairegistry.azurecr.io/voltai-backend:latest. Image pull failed with forbidden or unauthorized. Check registry credentials., Details: Pulling image voltairegistry.azurecr.io/voltai-backend:latest for voltai-api-prod., DetailsLevel: INFO
2026-03-21T11:58:35.3838119Z Establishing network.
2026-03-21T11:58:35.4116550Z Pulling image: voltairegistry.azurecr.io/voltai-backend:latest.
2026-03-21T11:58:39.5658398Z Container pull image failed with reason: ImagePullFailure. Revert by terminate.
2026-03-21T11:58:39.5666676Z Container is terminating. Grace period: 5 seconds.
2026-03-21T11:58:39.5672063Z Container spec TerminationMessagePolicy  path 
2026-03-21T11:58:39.5677598Z Container is terminated. Total time elapsed: 0 ms.
2026-03-21T11:58:39.5681766Z Site container: voltai-api-prod terminated during site startup.
2026-03-21T11:58:39.5753329Z State: Stopping, Action: CancellingStartup, LastError: ImagePullUnauthorizedFailure, LastErrorTimestamp: 03/21/2026 11:57:50, LastErrorDetails: Failed to pull image: voltairegistry.azurecr.io/voltai-backend:latest. Image pull failed with forbidden or unauthorized. Check registry credentials., Details: Site container: voltai-api-prod terminated during site startup. Cancelling site startup., DetailsLevel: ERR
2026-03-21T11:58:39.5762979Z State: Stopping, Action: CancellingStartup, LastError: ImagePullUnauthorizedFailure, LastErrorTimestamp: 03/21/2026 11:58:39, LastErrorDetails: Failed to pull image: voltairegistry.azurecr.io/voltai-backend:latest. Image pull failed with forbidden or unauthorized. Check registry credentials., Details: Site container: voltai-api-prod terminated during site startup. Cancelling site startup., DetailsLevel: ERR
2026-03-21T11:58:39.5963176Z Failed to start site. Revert by stopping site.
2026-03-21T11:58:39.5971085Z State: Stopping, Action: StoppingSite, LastError: ImagePullUnauthorizedFailure, LastErrorTimestamp: 03/21/2026 11:58:39, LastErrorDetails: Failed to pull image: voltairegistry.azurecr.io/voltai-backend:latest. Image pull failed with forbidden or unauthorized. Check registry credentials., Details: Site container: voltai-api-prod terminated during site startup. Cancelling site startup., DetailsLevel: ERR
2026-03-21T11:58:39.5982017Z State: Stopping, Action: StoppingSiteContainers, LastError: ImagePullUnauthorizedFailure, LastErrorTimestamp: 03/21/2026 11:58:39, LastErrorDetails: Failed to pull image: voltairegistry.azurecr.io/voltai-backend:latest. Image pull failed with forbidden or unauthorized. Check registry credentials., Details: Site container: voltai-api-prod terminated during site startup. Cancelling site startup., DetailsLevel: ERR
2026-03-21T11:58:39.5982281Z Site: voltai-api-prod stopped.
2026-03-21T11:58:39.6093912Z State: Stopping, Action: UnmountingVolumes, LastError: ImagePullUnauthorizedFailure, LastErrorTimestamp: 03/21/2026 11:58:39, LastErrorDetails: Failed to pull image: voltairegistry.azurecr.io/voltai-backend:latest. Image pull failed with forbidden or unauthorized. Check registry credentials., Details: Site container: voltai-api-prod terminated during site startup. Cancelling site startup., DetailsLevel: ERR
2026-03-21T11:58:39.8282197Z State: Stopping, Action: StoppingSiteNetworks, LastError: ImagePullUnauthorizedFailure, LastErrorTimestamp: 03/21/2026 11:58:39, LastErrorDetails: Failed to pull image: voltairegistry.azurecr.io/voltai-backend:latest. Image pull failed with forbidden or unauthorized. Check registry credentials., Details: Site container: voltai-api-prod terminated during site startup. Cancelling site startup., DetailsLevel: ERR
2026-03-21T11:58:40.0405563Z State: Stopped, Action: None, LastError: ImagePullUnauthorizedFailure, LastErrorTimestamp: 03/21/2026 11:58:39, LastErrorDetails: Failed to pull image: voltairegistry.azurecr.io/voltai-backend:latest. Image pull failed with forbidden or unauthorized. Check registry credentials., Details: Site stopped at 03/21/2026 11:58:40 (UTC), DetailsLevel: ERR
2026-03-21T11:58:40.3692150Z State: Stopped, Action: None, LastError: ImagePullUnauthorizedFailure, LastErrorTimestamp: 03/21/2026 11:58:39, LastErrorDetails: Failed to pull image: voltairegistry.azurecr.io/voltai-backend:latest. Image pull failed with forbidden or unauthorized. Check registry credentials., Details: Site stopped at 03/21/2026 11:58:40 (UTC), DetailsLevel: ERR
2026-03-21T11:58:40.5903837Z State: Starting, Action: EstablishingSiteNetworks, LastError: ImagePullUnauthorizedFailure, LastErrorTimestamp: 03/21/2026 11:58:39, LastErrorDetails: Failed to pull image: voltairegistry.azurecr.io/voltai-backend:latest. Image pull failed with forbidden or unauthorized. Check registry credentials., Details: Site stopped at 03/21/2026 11:58:40 (UTC), DetailsLevel: ERR
2026-03-21T11:58:42.3578295Z State: Starting, Action: StartingSiteContainers, LastError: ImagePullUnauthorizedFailure, LastErrorTimestamp: 03/21/2026 11:58:39, LastErrorDetails: Failed to pull image: voltairegistry.azurecr.io/voltai-backend:latest. Image pull failed with forbidden or unauthorized. Check registry credentials., Details: Site stopped at 03/21/2026 11:58:40 (UTC), DetailsLevel: ERR
2026-03-21T11:58:42.3579524Z Container start method called.
2026-03-21T11:58:42.3661076Z State: Starting, Action: PullingImage, LastError: ImagePullUnauthorizedFailure, LastErrorTimestamp: 03/21/2026 11:58:39, LastErrorDetails: Failed to pull image: voltairegistry.azurecr.io/voltai-backend:latest. Image pull failed with forbidden or unauthorized. Check registry credentials., Details: Pulling image voltairegistry.azurecr.io/voltai-backend:latest for voltai-api-prod., DetailsLevel: INFO
2026-03-21T11:58:42.3668774Z Establishing network.
2026-03-21T11:58:42.3679929Z Pulling image: voltairegistry.azurecr.io/voltai-backend:latest.
2026-03-21T11:58:46.8112414Z Container pull image failed with reason: ImagePullFailure. Revert by terminate.
2026-03-21T11:58:46.8127804Z Container is terminating. Grace period: 5 seconds.
2026-03-21T11:58:46.8129171Z Container spec TerminationMessagePolicy  path 
2026-03-21T11:58:46.8132488Z Container is terminated. Total time elapsed: 0 ms.
2026-03-21T11:58:46.8415876Z Site container: voltai-api-prod terminated during site startup.
2026-03-21T11:58:46.8427312Z State: Stopping, Action: CancellingStartup, LastError: ImagePullUnauthorizedFailure, LastErrorTimestamp: 03/21/2026 11:58:39, LastErrorDetails: Failed to pull image: voltairegistry.azurecr.io/voltai-backend:latest. Image pull failed with forbidden or unauthorized. Check registry credentials., Details: Site container: voltai-api-prod terminated during site startup. Cancelling site startup., DetailsLevel: ERR
2026-03-21T11:58:46.9336272Z State: Stopping, Action: CancellingStartup, LastError: ImagePullUnauthorizedFailure, LastErrorTimestamp: 03/21/2026 11:58:46, LastErrorDetails: Failed to pull image: voltairegistry.azurecr.io/voltai-backend:latest. Image pull failed with forbidden or unauthorized. Check registry credentials., Details: Site container: voltai-api-prod terminated during site startup. Cancelling site startup., DetailsLevel: ERR
2026-03-21T11:58:46.9840345Z Failed to start site. Revert by stopping site.
2026-03-21T11:58:46.9922273Z State: Stopping, Action: StoppingSite, LastError: ImagePullUnauthorizedFailure, LastErrorTimestamp: 03/21/2026 11:58:46, LastErrorDetails: Failed to pull image: voltairegistry.azurecr.io/voltai-backend:latest. Image pull failed with forbidden or unauthorized. Check registry credentials., Details: Site container: voltai-api-prod terminated during site startup. Cancelling site startup., DetailsLevel: ERR
2026-03-21T11:58:46.9936029Z State: Stopping, Action: StoppingSiteContainers, LastError: ImagePullUnauthorizedFailure, LastErrorTimestamp: 03/21/2026 11:58:46, LastErrorDetails: Failed to pull image: voltairegistry.azurecr.io/voltai-backend:latest. Image pull failed with forbidden or unauthorized. Check registry credentials., Details: Site container: voltai-api-prod terminated during site startup. Cancelling site startup., DetailsLevel: ERR
2026-03-21T11:58:46.9936263Z Site: voltai-api-prod stopped.
2026-03-21T12:00:07.9893104Z State: Starting, Action: EstablishingSiteNetworks, LastError: ImagePullUnauthorizedFailure, LastErrorTimestamp: 03/21/2026 11:58:46, LastErrorDetails: Failed to pull image: voltairegistry.azurecr.io/voltai-backend:latest. Image pull failed with forbidden or unauthorized. Check registry credentials., Details: Site is blocked due to multiple, consecutive cold start failures. Site scheduled to be unblocked at 03/21/2026 11:59:47, DetailsLevel: WARN
2026-03-21T12:00:14.3376716Z State: Starting, Action: StartingMsiContainer, LastError: ImagePullUnauthorizedFailure, LastErrorTimestamp: 03/21/2026 11:58:46, LastErrorDetails: Failed to pull image: voltairegistry.azurecr.io/voltai-backend:latest. Image pull failed with forbidden or unauthorized. Check registry credentials., Details: Site is blocked due to multiple, consecutive cold start failures. Site scheduled to be unblocked at 03/21/2026 11:59:47, DetailsLevel: WARN
2026-03-21T12:00:30.3736754Z State: Starting, Action: StartingSiteContainers, LastError: ImagePullUnauthorizedFailure, LastErrorTimestamp: 03/21/2026 11:58:46, LastErrorDetails: Failed to pull image: voltairegistry.azurecr.io/voltai-backend:latest. Image pull failed with forbidden or unauthorized. Check registry credentials., Details: Site is blocked due to multiple, consecutive cold start failures. Site scheduled to be unblocked at 03/21/2026 11:59:47, DetailsLevel: WARN
2026-03-21T12:00:30.3740367Z Container start method called.
2026-03-21T12:00:30.3741309Z State: Starting, Action: PullingImage, LastError: ImagePullUnauthorizedFailure, LastErrorTimestamp: 03/21/2026 11:58:46, LastErrorDetails: Failed to pull image: voltairegistry.azurecr.io/voltai-backend:latest. Image pull failed with forbidden or unauthorized. Check registry credentials., Details: Pulling image voltairegistry.azurecr.io/voltai-backend:latest for voltai-api-prod., DetailsLevel: INFO
2026-03-21T12:00:30.3742284Z Establishing network.
2026-03-21T12:00:30.3743605Z Pulling image: voltairegistry.azurecr.io/voltai-backend:latest.
2026-03-21T12:00:35.2092300Z Container pull image failed with reason: ImagePullFailure. Revert by terminate.
2026-03-21T12:00:35.2174258Z Container is terminating. Grace period: 5 seconds.
2026-03-21T12:00:35.2181756Z Container spec TerminationMessagePolicy  path 
2026-03-21T12:00:35.2188166Z Container is terminated. Total time elapsed: 0 ms.
2026-03-21T12:00:35.2190488Z Site container: voltai-api-prod terminated during site startup.
2026-03-21T12:00:35.2266130Z State: Stopping, Action: CancellingStartup, LastError: ImagePullUnauthorizedFailure, LastErrorTimestamp: 03/21/2026 11:58:46, LastErrorDetails: Failed to pull image: voltairegistry.azurecr.io/voltai-backend:latest. Image pull failed with forbidden or unauthorized. Check registry credentials., Details: Site container: voltai-api-prod terminated during site startup. Cancelling site startup., DetailsLevel: ERR
2026-03-21T12:00:35.2276178Z State: Stopping, Action: CancellingStartup, LastError: ImagePullUnauthorizedFailure, LastErrorTimestamp: 03/21/2026 12:00:35, LastErrorDetails: Failed to pull image: voltairegistry.azurecr.io/voltai-backend:latest. Image pull failed with forbidden or unauthorized. Check registry credentials., Details: Site container: voltai-api-prod terminated during site startup. Cancelling site startup., DetailsLevel: ERR
2026-03-21T12:00:35.2479830Z Failed to start site. Revert by stopping site.
2026-03-21T12:00:35.2484551Z State: Stopping, Action: StoppingSite, LastError: ImagePullUnauthorizedFailure, LastErrorTimestamp: 03/21/2026 12:00:35, LastErrorDetails: Failed to pull image: voltairegistry.azurecr.io/voltai-backend:latest. Image pull failed with forbidden or unauthorized. Check registry credentials., Details: Site container: voltai-api-prod terminated during site startup. Cancelling site startup., DetailsLevel: ERR
2026-03-21T12:00:35.2582883Z State: Stopping, Action: StoppingSiteContainers, LastError: ImagePullUnauthorizedFailure, LastErrorTimestamp: 03/21/2026 12:00:35, LastErrorDetails: Failed to pull image: voltairegistry.azurecr.io/voltai-backend:latest. Image pull failed with forbidden or unauthorized. Check registry credentials., Details: Site container: voltai-api-prod terminated during site startup. Cancelling site startup., DetailsLevel: ERR
2026-03-21T12:00:35.2583356Z Site: voltai-api-prod stopped.
2026-03-21T12:00:35.2784457Z State: Stopping, Action: UnmountingVolumes, LastError: ImagePullUnauthorizedFailure, LastErrorTimestamp: 03/21/2026 12:00:35, LastErrorDetails: Failed to pull image: voltairegistry.azurecr.io/voltai-backend:latest. Image pull failed with forbidden or unauthorized. Check registry credentials., Details: Site container: voltai-api-prod terminated during site startup. Cancelling site startup., DetailsLevel: ERR
2026-03-21T12:00:36.7782862Z Site container: voltai-api-prod_managedIdentity terminated during site startup.
2026-03-21T12:00:36.7996306Z State: Stopping, Action: UnmountingVolumes, LastError: ImagePullUnauthorizedFailure, LastErrorTimestamp: 03/21/2026 12:00:35, LastErrorDetails: Failed to pull image: voltairegistry.azurecr.io/voltai-backend:latest. Image pull failed with forbidden or unauthorized. Check registry credentials., Details: Site container: voltai-api-prod terminated during site startup. Cancelling site startup., DetailsLevel: ERR
2026-03-21T12:00:36.9387352Z State: Stopping, Action: StoppingSiteNetworks, LastError: ImagePullUnauthorizedFailure, LastErrorTimestamp: 03/21/2026 12:00:35, LastErrorDetails: Failed to pull image: voltairegistry.azurecr.io/voltai-backend:latest. Image pull failed with forbidden or unauthorized. Check registry credentials., Details: Site container: voltai-api-prod terminated during site startup. Cancelling site startup., DetailsLevel: ERR
2026-03-21T12:00:37.2685017Z State: Stopped, Action: None, LastError: ImagePullUnauthorizedFailure, LastErrorTimestamp: 03/21/2026 12:00:35, LastErrorDetails: Failed to pull image: voltairegistry.azurecr.io/voltai-backend:latest. Image pull failed with forbidden or unauthorized. Check registry credentials., Details: Site stopped at 03/21/2026 12:00:37 (UTC), DetailsLevel: ERR
2026-03-21T12:00:37.4713106Z State: Stopped, Action: None, LastError: ImagePullUnauthorizedFailure, LastErrorTimestamp: 03/21/2026 12:00:35, LastErrorDetails: Failed to pull image: voltairegistry.azurecr.io/voltai-backend:latest. Image pull failed with forbidden or unauthorized. Check registry credentials., Details: Site stopped at 03/21/2026 12:00:37 (UTC), DetailsLevel: ERR
2026-03-21T12:00:42.6446840Z State: Starting, Action: EstablishingSiteNetworks, LastError: ImagePullUnauthorizedFailure, LastErrorTimestamp: 03/21/2026 12:00:35, LastErrorDetails: Failed to pull image: voltairegistry.azurecr.io/voltai-backend:latest. Image pull failed with forbidden or unauthorized. Check registry credentials., Details: Site stopped at 03/21/2026 12:00:37 (UTC), DetailsLevel: ERR
2026-03-21T12:00:46.4428275Z State: Starting, Action: StartingMsiContainer, LastError: ImagePullUnauthorizedFailure, LastErrorTimestamp: 03/21/2026 12:00:35, LastErrorDetails: Failed to pull image: voltairegistry.azurecr.io/voltai-backend:latest. Image pull failed with forbidden or unauthorized. Check registry credentials., Details: Site stopped at 03/21/2026 12:00:37 (UTC), DetailsLevel: ERR
2026-03-21T12:00:57.3979784Z State: Starting, Action: StartingSiteContainers, LastError: ImagePullUnauthorizedFailure, LastErrorTimestamp: 03/21/2026 12:00:35, LastErrorDetails: Failed to pull image: voltairegistry.azurecr.io/voltai-backend:latest. Image pull failed with forbidden or unauthorized. Check registry credentials., Details: Site stopped at 03/21/2026 12:00:37 (UTC), DetailsLevel: ERR
2026-03-21T12:00:57.3980804Z Container start method called.
2026-03-21T12:00:57.3981272Z State: Starting, Action: PullingImage, LastError: ImagePullUnauthorizedFailure, LastErrorTimestamp: 03/21/2026 12:00:35, LastErrorDetails: Failed to pull image: voltairegistry.azurecr.io/voltai-backend:latest. Image pull failed with forbidden or unauthorized. Check registry credentials., Details: Pulling image voltairegistry.azurecr.io/voltai-backend:latest for voltai-api-prod., DetailsLevel: INFO
2026-03-21T12:00:57.3982057Z Establishing network.
2026-03-21T12:00:57.3982987Z Pulling image: voltairegistry.azurecr.io/voltai-backend:latest.
2026-03-21T12:01:00.6668477Z Container pull image failed with reason: ImagePullFailure. Revert by terminate.
2026-03-21T12:01:00.6679568Z Container is terminating. Grace period: 5 seconds.
2026-03-21T12:01:00.6684355Z Container spec TerminationMessagePolicy  path 
2026-03-21T12:01:00.6759775Z Container is terminated. Total time elapsed: 0 ms.
2026-03-21T12:01:00.6761524Z Site container: voltai-api-prod terminated during site startup.
2026-03-21T12:01:00.6762713Z State: Stopping, Action: CancellingStartup, LastError: ImagePullUnauthorizedFailure, LastErrorTimestamp: 03/21/2026 12:00:35, LastErrorDetails: Failed to pull image: voltairegistry.azurecr.io/voltai-backend:latest. Image pull failed with forbidden or unauthorized. Check registry credentials., Details: Site container: voltai-api-prod terminated during site startup. Cancelling site startup., DetailsLevel: ERR
2026-03-21T12:01:00.6874100Z State: Stopping, Action: CancellingStartup, LastError: ImagePullUnauthorizedFailure, LastErrorTimestamp: 03/21/2026 12:01:00, LastErrorDetails: Failed to pull image: voltairegistry.azurecr.io/voltai-backend:latest. Image pull failed with forbidden or unauthorized. Check registry credentials., Details: Site container: voltai-api-prod terminated during site startup. Cancelling site startup., DetailsLevel: ERR
2026-03-21T12:01:00.7068095Z Failed to start site. Revert by stopping site.
2026-03-21T12:01:00.7075036Z State: Stopping, Action: StoppingSite, LastError: ImagePullUnauthorizedFailure, LastErrorTimestamp: 03/21/2026 12:01:00, LastErrorDetails: Failed to pull image: voltairegistry.azurecr.io/voltai-backend:latest. Image pull failed with forbidden or unauthorized. Check registry credentials., Details: Site container: voltai-api-prod terminated during site startup. Cancelling site startup., DetailsLevel: ERR
2026-03-21T12:01:00.7087055Z State: Stopping, Action: StoppingSiteContainers, LastError: ImagePullUnauthorizedFailure, LastErrorTimestamp: 03/21/2026 12:01:00, LastErrorDetails: Failed to pull image: voltairegistry.azurecr.io/voltai-backend:latest. Image pull failed with forbidden or unauthorized. Check registry credentials., Details: Site container: voltai-api-prod terminated during site startup. Cancelling site startup., DetailsLevel: ERR
2026-03-21T12:01:00.7160292Z Site: voltai-api-prod stopped.
2026-03-21T12:01:48.2530128Z State: Starting, Action: EstablishingSiteNetworks, LastError: ImagePullUnauthorizedFailure, LastErrorTimestamp: 03/21/2026 12:01:00, LastErrorDetails: Failed to pull image: voltairegistry.azurecr.io/voltai-backend:latest. Image pull failed with forbidden or unauthorized. Check registry credentials., Details: Site stopped at 03/21/2026 12:01:02 (UTC), DetailsLevel: WARN
2026-03-21T12:01:50.7045493Z State: Starting, Action: StartingMsiContainer, LastError: ImagePullUnauthorizedFailure, LastErrorTimestamp: 03/21/2026 12:01:00, LastErrorDetails: Failed to pull image: voltairegistry.azurecr.io/voltai-backend:latest. Image pull failed with forbidden or unauthorized. Check registry credentials., Details: Site stopped at 03/21/2026 12:01:02 (UTC), DetailsLevel: WARN
2026-03-21T12:02:00.7937083Z State: Starting, Action: StartingSiteContainers, LastError: ImagePullUnauthorizedFailure, LastErrorTimestamp: 03/21/2026 12:01:00, LastErrorDetails: Failed to pull image: voltairegistry.azurecr.io/voltai-backend:latest. Image pull failed with forbidden or unauthorized. Check registry credentials., Details: Site stopped at 03/21/2026 12:01:02 (UTC), DetailsLevel: WARN
2026-03-21T12:02:00.8126949Z Container start method called.
2026-03-21T12:02:00.8314561Z State: Starting, Action: PullingImage, LastError: ImagePullUnauthorizedFailure, LastErrorTimestamp: 03/21/2026 12:01:00, LastErrorDetails: Failed to pull image: voltairegistry.azurecr.io/voltai-backend:latest. Image pull failed with forbidden or unauthorized. Check registry credentials., Details: Pulling image voltairegistry.azurecr.io/voltai-backend:latest for voltai-api-prod., DetailsLevel: INFO
2026-03-21T12:02:00.8318181Z Establishing network.
2026-03-21T12:02:00.8531016Z Pulling image: voltairegistry.azurecr.io/voltai-backend:latest.
2026-03-21T12:02:08.6812317Z Container pull image failed with reason: ImagePullFailure. Revert by terminate.
2026-03-21T12:02:08.6825938Z Container is terminating. Grace period: 5 seconds.
2026-03-21T12:02:08.6828452Z Container spec TerminationMessagePolicy  path 
2026-03-21T12:02:08.6829540Z Container is terminated. Total time elapsed: 0 ms.
2026-03-21T12:02:08.6830463Z Site container: voltai-api-prod terminated during site startup.
2026-03-21T12:02:08.6844457Z State: Stopping, Action: CancellingStartup, LastError: ImagePullUnauthorizedFailure, LastErrorTimestamp: 03/21/2026 12:01:00, LastErrorDetails: Failed to pull image: voltairegistry.azurecr.io/voltai-backend:latest. Image pull failed with forbidden or unauthorized. Check registry credentials., Details: Site container: voltai-api-prod terminated during site startup. Cancelling site startup., DetailsLevel: ERR
2026-03-21T12:02:08.7127394Z State: Stopping, Action: CancellingStartup, LastError: ImageNotFoundFailure, LastErrorTimestamp: 03/21/2026 12:02:08, LastErrorDetails: Failed to pull image: voltairegistry.azurecr.io/voltai-backend:latest. Image pull failed because the image was not found. Check the registry to ensure the image is present or check for any misspellings., Details: Site container: voltai-api-prod terminated during site startup. Cancelling site startup., DetailsLevel: ERR
2026-03-21T12:02:08.7427817Z Failed to start site. Revert by stopping site.
2026-03-21T12:02:08.7429862Z State: Stopping, Action: StoppingSite, LastError: ImageNotFoundFailure, LastErrorTimestamp: 03/21/2026 12:02:08, LastErrorDetails: Failed to pull image: voltairegistry.azurecr.io/voltai-backend:latest. Image pull failed because the image was not found. Check the registry to ensure the image is present or check for any misspellings., Details: Site container: voltai-api-prod terminated during site startup. Cancelling site startup., DetailsLevel: ERR
2026-03-21T12:02:08.7525664Z State: Stopping, Action: StoppingSiteContainers, LastError: ImageNotFoundFailure, LastErrorTimestamp: 03/21/2026 12:02:08, LastErrorDetails: Failed to pull image: voltairegistry.azurecr.io/voltai-backend:latest. Image pull failed because the image was not found. Check the registry to ensure the image is present or check for any misspellings., Details: Site container: voltai-api-prod terminated during site startup. Cancelling site startup., DetailsLevel: ERR
2026-03-21T12:02:08.7526157Z Site: voltai-api-prod stopped.
2026-03-21T12:04:28.518Z INFO  - Pulling image: voltairegistry.azurecr.io/voltai-backend:latest
2026-03-21T12:04:29.131Z INFO  - latest Pulling from voltai-backend
2026-03-21T12:04:29.204Z INFO  -  
2026-03-21T12:04:29.205Z ERROR - no matching manifest for linux/amd64 in the manifest list entriesErr: 0, Message: no matching manifest for linux/amd64 in the manifest list entries
2026-03-21T12:04:29.207Z INFO  - Pull Image failed, Time taken: 0 Seconds
2026-03-21T12:04:29.395Z ERROR - DockerApiException: Docker API responded with status code=InternalServerError, response={"message":"Head \"https://voltairegistry.azurecr.io/v2/voltai-backend/manifests/latest\": unauthorized: {\"errors\":[{\"code\":\"UNAUTHORIZED\",\"message\":\"authentication required, visit https://aka.ms/acr/authorization for more information. CorrelationId: 6e56b7a1-6ccd-4839-94c5-caeab04a9679\"}]}"}

2026-03-21T12:04:29.396Z WARN  - Image pull failed. Defaulting to local copy if present.
2026-03-21T12:04:29.436Z ERROR - Image pull failed: Verify docker image configuration and credentials (if using private repository)
2026-03-21T12:04:36.094Z INFO  - Stopping site voltai-api-prod because it failed during startup.
1250c Downloading 3MB / 21MB
2026-03-21T12:03:27.102Z INFO  - f970e76dab9a Downloading 4MB / 6MB
2026-03-21T12:03:27.132Z INFO  - 9d1bc1ee7cb7 Downloading 5MB / 20MB
2026-03-21T12:03:27.182Z INFO  - abe88181250c Downloading 4MB / 21MB
2026-03-21T12:03:27.210Z INFO  - f970e76dab9a Downloading 5MB / 6MB
2026-03-21T12:03:27.251Z INFO  - 9d1bc1ee7cb7 Downloading 6MB / 20MB
2026-03-21T12:03:27.311Z INFO  - abe88181250c Downloading 4MB / 21MB
2026-03-21T12:03:27.312Z INFO  - f970e76dab9a Verifying Checksum
2026-03-21T12:03:27.312Z INFO  - f970e76dab9a Download complete
2026-03-21T12:03:27.641Z INFO  - 9d1bc1ee7cb7 Downloading 8MB / 20MB
2026-03-21T12:03:27.642Z INFO  - abe88181250c Downloading 6MB / 21MB
2026-03-21T12:03:27.721Z INFO  - abe88181250c Downloading 6MB / 21MB
2026-03-21T12:03:28.044Z INFO  - f970e76dab9a Extracting 288KB / 6MB
2026-03-21T12:03:28.470Z INFO  - f970e76dab9a Extracting 480KB / 6MB
2026-03-21T12:03:28.619Z INFO  - abe88181250c Downloading 9MB / 21MB
2026-03-21T12:03:28.790Z INFO  - f970e76dab9a Extracting 1MB / 6MB
2026-03-21T12:03:28.830Z INFO  - abe88181250c Downloading 9MB / 21MB
2026-03-21T12:03:28.900Z INFO  - 9d1bc1ee7cb7 Downloading 14MB / 20MB
2026-03-21T12:03:28.982Z INFO  - abe88181250c Downloading 10MB / 21MB
2026-03-21T12:03:29.031Z INFO  - 9d1bc1ee7cb7 Downloading 16MB / 20MB
2026-03-21T12:03:29.080Z INFO  - abe88181250c Downloading 10MB / 21MB
2026-03-21T12:03:29.551Z INFO  - f970e76dab9a Extracting 3MB / 6MB
2026-03-21T12:03:29.590Z INFO  - f970e76dab9a Extracting 4MB / 6MB
2026-03-21T12:03:29.622Z INFO  - abe88181250c Downloading 12MB / 21MB
2026-03-21T12:03:29.690Z INFO  - f970e76dab9a Extracting 4MB / 6MB
2026-03-21T12:03:29.702Z INFO  - 9d1bc1ee7cb7 Verifying Checksum
2026-03-21T12:03:29.702Z INFO  - 9d1bc1ee7cb7 Download complete
2026-03-21T12:03:29.740Z INFO  - abe88181250c Downloading 14MB / 21MB
2026-03-21T12:03:29.862Z INFO  - abe88181250c Downloading 14MB / 21MB
2026-03-21T12:03:29.874Z INFO  - f970e76dab9a Extracting 5MB / 6MB
2026-03-21T12:03:30.104Z INFO  - f970e76dab9a Extracting 6MB / 6MB
2026-03-21T12:03:30.124Z INFO  - abe88181250c Downloading 14MB / 21MB
2026-03-21T12:03:30.356Z INFO  - f970e76dab9a Pull complete
2026-03-21T12:03:30.373Z INFO  - 4f4fb700ef54 Extracting 32B / 32B
2026-03-21T12:03:30.504Z INFO  - abe88181250c Downloading 17MB / 21MB
2026-03-21T12:03:30.542Z INFO  - 4f4fb700ef54 Extracting 32B / 32B
2026-03-21T12:03:30.823Z INFO  - abe88181250c Downloading 19MB / 21MB
2026-03-21T12:03:30.874Z INFO  - abe88181250c Downloading 21MB / 21MB
2026-03-21T12:03:30.914Z INFO  - 4f4fb700ef54 Pull complete
2026-03-21T12:03:31.046Z INFO  - abe88181250c Downloading 21MB / 21MB
2026-03-21T12:03:31.438Z INFO  - abe88181250c Verifying Checksum
2026-03-21T12:03:31.438Z INFO  - abe88181250c Download complete
2026-03-21T12:03:34.766Z INFO  - 9d1bc1ee7cb7 Extracting 9MB / 20MB
2026-03-21T12:03:35.248Z INFO  - 9d1bc1ee7cb7 Extracting 10MB / 20MB
2026-03-21T12:03:36.685Z INFO  - 9d1bc1ee7cb7 Extracting 13MB / 20MB
2026-03-21T12:03:36.727Z INFO  - 9d1bc1ee7cb7 Extracting 14MB / 20MB
2026-03-21T12:03:36.745Z INFO  - 9d1bc1ee7cb7 Extracting 14MB / 20MB
2026-03-21T12:03:36.885Z INFO  - 9d1bc1ee7cb7 Extracting 15MB / 20MB
2026-03-21T12:03:37.808Z INFO  - 9d1bc1ee7cb7 Extracting 16MB / 20MB
2026-03-21T12:03:38.814Z INFO  - 9d1bc1ee7cb7 Extracting 18MB / 20MB
2026-03-21T12:03:39.467Z INFO  - 9d1bc1ee7cb7 Extracting 19MB / 20MB
2026-03-21T12:03:40.024Z INFO  - 9d1bc1ee7cb7 Extracting 20MB / 20MB
2026-03-21T12:03:40.233Z INFO  - 9d1bc1ee7cb7 Pull complete
2026-03-21T12:03:43.268Z INFO  - abe88181250c Extracting 448KB / 21MB
2026-03-21T12:03:46.837Z INFO  - abe88181250c Extracting 2MB / 21MB
2026-03-21T12:03:48.404Z INFO  - abe88181250c Extracting 4MB / 21MB
2026-03-21T12:03:48.834Z INFO  - abe88181250c Extracting 5MB / 21MB
2026-03-21T12:03:49.939Z INFO  - abe88181250c Extracting 6MB / 21MB
2026-03-21T12:03:51.196Z INFO  - abe88181250c Extracting 12MB / 21MB
2026-03-21T12:03:51.197Z INFO  - abe88181250c Extracting 13MB / 21MB
2026-03-21T12:03:51.226Z INFO  - abe88181250c Extracting 13MB / 21MB
2026-03-21T12:03:51.959Z INFO  - abe88181250c Extracting 16MB / 21MB
2026-03-21T12:03:52.127Z INFO  - abe88181250c Extracting 17MB / 21MB
2026-03-21T12:03:52.487Z INFO  - abe88181250c Extracting 19MB / 21MB
2026-03-21T12:03:52.547Z INFO  - abe88181250c Extracting 21MB / 21MB
2026-03-21T12:03:52.589Z INFO  - abe88181250c Extracting 21MB / 21MB
2026-03-21T12:03:52.668Z INFO  - abe88181250c Pull complete
2026-03-21T12:03:53.061Z INFO  -  Digest: sha256:c8a19e7d1568e433e2e2d4418e176becce1cffa6386bb79242f5c64d9550bb88
2026-03-21T12:03:53.072Z INFO  -  Status: Downloaded newer image for mcr.microsoft.com/appsvc/msitokenservice:stage4
2026-03-21T12:03:53.112Z INFO  - Pull Image successful, Time taken: 32 Seconds
2026-03-21T12:03:57.416Z INFO  - Starting container for site
2026-03-21T12:03:57.417Z INFO  - docker run -d --expose=8081 --name voltai-api-prod_0_ef78cd31_msiProxy -e WEBSITE_ROLE_INSTANCE_ID=0 -e WEBSITE_HOSTNAME=voltai-api-prod.azurewebsites.net -e WEBSITE_INSTANCE_ID=89c8b55865e43a327d2ac9b9a151aa6a0d56972ded7adf518c5fb394f2b85f41 -e HTTP_LOGGING_ENABLED=1 mcr.microsoft.com/appsvc/msitokenservice:stage4 REDACTED
2026-03-21T12:05:15.044Z INFO  - Pulling image: voltairegistry.azurecr.io/voltai-backend:latest
2026-03-21T12:05:16.069Z INFO  - latest Pulling from voltai-backend
2026-03-21T12:05:16.069Z INFO  -  
2026-03-21T12:05:16.069Z ERROR - no matching manifest for linux/amd64 in the manifest list entriesErr: 0, Message: no matching manifest for linux/amd64 in the manifest list entries
2026-03-21T12:05:16.071Z INFO  - Pull Image failed, Time taken: 1 Seconds
2026-03-21T12:05:17.422Z ERROR - DockerApiException: Docker API responded with status code=InternalServerError, response={"message":"Head \"https://voltairegistry.azurecr.io/v2/voltai-backend/manifests/latest\": unauthorized: {\"errors\":[{\"code\":\"UNAUTHORIZED\",\"message\":\"authentication required, visit https://aka.ms/acr/authorization for more information. CorrelationId: 02166b29-c856-434a-8507-c004b652de5b\"}]}"}

2026-03-21T12:05:17.423Z WARN  - Image pull failed. Defaulting to local copy if present.
2026-03-21T12:05:17.433Z ERROR - Image pull failed: Verify docker image configuration and credentials (if using private repository)
2026-03-21T12:05:23.988Z INFO  - Stopping site voltai-api-prod because it failed during startup.
2026-03-21T12:06:18.067Z INFO  - Pulling image: voltairegistry.azurecr.io/voltai-backend:latest
2026-03-21T12:06:18.504Z INFO  - latest Pulling from voltai-backend
2026-03-21T12:06:18.519Z INFO  -  
2026-03-21T12:06:18.520Z ERROR - no matching manifest for linux/amd64 in the manifest list entriesErr: 0, Message: no matching manifest for linux/amd64 in the manifest list entries
2026-03-21T12:06:18.531Z INFO  - Pull Image failed, Time taken: 0 Seconds
2026-03-21T12:06:18.605Z ERROR - DockerApiException: Docker API responded with status code=InternalServerError, response={"message":"Head \"https://voltairegistry.azurecr.io/v2/voltai-backend/manifests/latest\": unauthorized: {\"errors\":[{\"code\":\"UNAUTHORIZED\",\"message\":\"authentication required, visit https://aka.ms/acr/authorization for more information. CorrelationId: 9cd5540a-2ab8-47ef-8f25-1bc5c79d6c43\"}]}"}

2026-03-21T12:06:18.611Z WARN  - Image pull failed. Defaulting to local copy if present.
2026-03-21T12:06:18.624Z ERROR - Image pull failed: Verify docker image configuration and credentials (if using private repository)
2026-03-21T12:06:24.625Z INFO  - Stopping site voltai-api-prod because it failed during startup.
2026-03-21T12:07:45.3084211Z State: Starting, Action: EstablishingSiteNetworks, LastError: , LastErrorTimestamp: 01/01/0001 00:00:00, LastErrorDetails: , Details: , DetailsLevel: INFO
2026-03-21T12:07:52.3005167Z State: Starting, Action: StartingMsiContainer, LastError: , LastErrorTimestamp: 01/01/0001 00:00:00, LastErrorDetails: , Details: , DetailsLevel: INFO
2026-03-21T12:08:14.6771967Z State: Starting, Action: StartingSiteContainers, LastError: , LastErrorTimestamp: 01/01/0001 00:00:00, LastErrorDetails: , Details: , DetailsLevel: INFO
2026-03-21T12:08:14.6790545Z Container start method called.
2026-03-21T12:08:14.6793271Z State: Starting, Action: PullingImage, LastError: , LastErrorTimestamp: 01/01/0001 00:00:00, LastErrorDetails: , Details: Pulling image voltairegistry.azurecr.io/voltai-backend:latest for voltai-api-prod., DetailsLevel: INFO
2026-03-21T12:08:14.6795211Z Establishing network.
2026-03-21T12:08:14.6799115Z Pulling image: voltairegistry.azurecr.io/voltai-backend:latest.
2026-03-21T12:08:23.2168514Z Container pull image failed with reason: ImagePullFailure. Revert by terminate.
2026-03-21T12:08:23.2175777Z Container is terminating. Grace period: 5 seconds.
2026-03-21T12:08:23.2180990Z Container spec TerminationMessagePolicy  path 
2026-03-21T12:08:23.2182528Z Container is terminated. Total time elapsed: 0 ms.
2026-03-21T12:08:23.2183452Z Site container: voltai-api-prod terminated during site startup.
2026-03-21T12:08:23.2273894Z State: Stopping, Action: CancellingStartup, LastError: , LastErrorTimestamp: 01/01/0001 00:00:00, LastErrorDetails: , Details: Site container: voltai-api-prod terminated during site startup. Cancelling site startup., DetailsLevel: ERR
2026-03-21T12:08:23.2680154Z State: Stopping, Action: CancellingStartup, LastError: ImageNotFoundFailure, LastErrorTimestamp: 03/21/2026 12:08:23, LastErrorDetails: Failed to pull image: voltairegistry.azurecr.io/voltai-backend:latest. Image pull failed because the image was not found. Check the registry to ensure the image is present or check for any misspellings., Details: Site container: voltai-api-prod terminated during site startup. Cancelling site startup., DetailsLevel: ERR
2026-03-21T12:08:23.3075989Z Failed to start site. Revert by stopping site.
2026-03-21T12:08:23.3095345Z State: Stopping, Action: StoppingSite, LastError: ImageNotFoundFailure, LastErrorTimestamp: 03/21/2026 12:08:23, LastErrorDetails: Failed to pull image: voltairegistry.azurecr.io/voltai-backend:latest. Image pull failed because the image was not found. Check the registry to ensure the image is present or check for any misspellings., Details: Site container: voltai-api-prod terminated during site startup. Cancelling site startup., DetailsLevel: ERR
2026-03-21T12:08:23.3174933Z State: Stopping, Action: StoppingSiteContainers, LastError: ImageNotFoundFailure, LastErrorTimestamp: 03/21/2026 12:08:23, LastErrorDetails: Failed to pull image: voltairegistry.azurecr.io/voltai-backend:latest. Image pull failed because the image was not found. Check the registry to ensure the image is present or check for any misspellings., Details: Site container: voltai-api-prod terminated during site startup. Cancelling site startup., DetailsLevel: ERR
2026-03-21T12:08:23.3175133Z Site: voltai-api-prod stopped.
2026-03-21T12:08:23.3659501Z State: Stopping, Action: UnmountingVolumes, LastError: ImageNotFoundFailure, LastErrorTimestamp: 03/21/2026 12:08:23, LastErrorDetails: Failed to pull image: voltairegistry.azurecr.io/voltai-backend:latest. Image pull failed because the image was not found. Check the registry to ensure the image is present or check for any misspellings., Details: Site container: voltai-api-prod terminated during site startup. Cancelling site startup., DetailsLevel: ERR
2026-03-21T12:08:25.8504786Z Site container: voltai-api-prod_managedIdentity terminated during site startup.
2026-03-21T12:08:25.8506426Z State: Stopping, Action: UnmountingVolumes, LastError: ImageNotFoundFailure, LastErrorTimestamp: 03/21/2026 12:08:23, LastErrorDetails: Failed to pull image: voltairegistry.azurecr.io/voltai-backend:latest. Image pull failed because the image was not found. Check the registry to ensure the image is present or check for any misspellings., Details: Site container: voltai-api-prod terminated during site startup. Cancelling site startup., DetailsLevel: ERR
2026-03-21T12:08:26.0412923Z State: Stopping, Action: StoppingSiteNetworks, LastError: ImageNotFoundFailure, LastErrorTimestamp: 03/21/2026 12:08:23, LastErrorDetails: Failed to pull image: voltairegistry.azurecr.io/voltai-backend:latest. Image pull failed because the image was not found. Check the registry to ensure the image is present or check for any misspellings., Details: Site container: voltai-api-prod terminated during site startup. Cancelling site startup., DetailsLevel: ERR
2026-03-21T12:08:26.7791340Z State: Stopped, Action: None, LastError: ImageNotFoundFailure, LastErrorTimestamp: 03/21/2026 12:08:23, LastErrorDetails: Failed to pull image: voltairegistry.azurecr.io/voltai-backend:latest. Image pull failed because the image was not found. Check the registry to ensure the image is present or check for any misspellings., Details: Site stopped at 03/21/2026 12:08:26 (UTC), DetailsLevel: ERR
2026-03-21T12:08:27.2501579Z State: Stopped, Action: None, LastError: ImageNotFoundFailure, LastErrorTimestamp: 03/21/2026 12:08:23, LastErrorDetails: Failed to pull image: voltairegistry.azurecr.io/voltai-backend:latest. Image pull failed because the image was not found. Check the registry to ensure the image is present or check for any misspellings., Details: Site stopped at 03/21/2026 12:08:26 (UTC), DetailsLevel: ERR
2026-03-21T12:08:27.4932216Z State: Starting, Action: EstablishingSiteNetworks, LastError: ImageNotFoundFailure, LastErrorTimestamp: 03/21/2026 12:08:23, LastErrorDetails: Failed to pull image: voltairegistry.azurecr.io/voltai-backend:latest. Image pull failed because the image was not found. Check the registry to ensure the image is present or check for any misspellings., Details: Site stopped at 03/21/2026 12:08:26 (UTC), DetailsLevel: ERR
2026-03-21T12:08:32.2443723Z State: Starting, Action: StartingMsiContainer, LastError: ImageNotFoundFailure, LastErrorTimestamp: 03/21/2026 12:08:23, LastErrorDetails: Failed to pull image: voltairegistry.azurecr.io/voltai-backend:latest. Image pull failed because the image was not found. Check the registry to ensure the image is present or check for any misspellings., Details: Site stopped at 03/21/2026 12:08:26 (UTC), DetailsLevel: ERR
2026-03-21T12:08:50.4889542Z State: Starting, Action: StartingSiteContainers, LastError: ImageNotFoundFailure, LastErrorTimestamp: 03/21/2026 12:08:23, LastErrorDetails: Failed to pull image: voltairegistry.azurecr.io/voltai-backend:latest. Image pull failed because the image was not found. Check the registry to ensure the image is present or check for any misspellings., Details: Site stopped at 03/21/2026 12:08:26 (UTC), DetailsLevel: ERR
2026-03-21T12:08:50.4890650Z Container start method called.
2026-03-21T12:08:50.4891028Z State: Starting, Action: PullingImage, LastError: ImageNotFoundFailure, LastErrorTimestamp: 03/21/2026 12:08:23, LastErrorDetails: Failed to pull image: voltairegistry.azurecr.io/voltai-backend:latest. Image pull failed because the image was not found. Check the registry to ensure the image is present or check for any misspellings., Details: Pulling image voltairegistry.azurecr.io/voltai-backend:latest for voltai-api-prod., DetailsLevel: INFO
2026-03-21T12:08:50.4891745Z Establishing network.
2026-03-21T12:08:50.4892699Z Pulling image: voltairegistry.azurecr.io/voltai-backend:latest.
2026-03-21T12:08:55.5859223Z Container pull image failed with reason: ImagePullFailure. Revert by terminate.
2026-03-21T12:08:55.5864758Z Container is terminating. Grace period: 5 seconds.
2026-03-21T12:08:55.5866637Z Container spec TerminationMessagePolicy  path 
2026-03-21T12:08:55.5867995Z Container is terminated. Total time elapsed: 0 ms.
2026-03-21T12:08:55.5872143Z Site container: voltai-api-prod terminated during site startup.
2026-03-21T12:08:55.5874089Z State: Stopping, Action: CancellingStartup, LastError: ImageNotFoundFailure, LastErrorTimestamp: 03/21/2026 12:08:23, LastErrorDetails: Failed to pull image: voltairegistry.azurecr.io/voltai-backend:latest. Image pull failed because the image was not found. Check the registry to ensure the image is present or check for any misspellings., Details: Site container: voltai-api-prod terminated during site startup. Cancelling site startup., DetailsLevel: ERR
2026-03-21T12:08:55.5970986Z State: Stopping, Action: CancellingStartup, LastError: ImageNotFoundFailure, LastErrorTimestamp: 03/21/2026 12:08:55, LastErrorDetails: Failed to pull image: voltairegistry.azurecr.io/voltai-backend:latest. Image pull failed because the image was not found. Check the registry to ensure the image is present or check for any misspellings., Details: Site container: voltai-api-prod terminated during site startup. Cancelling site startup., DetailsLevel: ERR
2026-03-21T12:08:55.6178883Z Failed to start site. Revert by stopping site.
2026-03-21T12:08:55.6356291Z State: Stopping, Action: StoppingSite, LastError: ImageNotFoundFailure, LastErrorTimestamp: 03/21/2026 12:08:55, LastErrorDetails: Failed to pull image: voltairegistry.azurecr.io/voltai-backend:latest. Image pull failed because the image was not found. Check the registry to ensure the image is present or check for any misspellings., Details: Site container: voltai-api-prod terminated during site startup. Cancelling site startup., DetailsLevel: ERR
2026-03-21T12:08:55.6375625Z State: Stopping, Action: StoppingSiteContainers, LastError: ImageNotFoundFailure, LastErrorTimestamp: 03/21/2026 12:08:55, LastErrorDetails: Failed to pull image: voltairegistry.azurecr.io/voltai-backend:latest. Image pull failed because the image was not found. Check the registry to ensure the image is present or check for any misspellings., Details: Site container: voltai-api-prod terminated during site startup. Cancelling site startup., DetailsLevel: ERR
2026-03-21T12:08:55.6375821Z Site: voltai-api-prod stopped.
2026-03-21T12:08:55.6564056Z State: Stopping, Action: UnmountingVolumes, LastError: ImageNotFoundFailure, LastErrorTimestamp: 03/21/2026 12:08:55, LastErrorDetails: Failed to pull image: voltairegistry.azurecr.io/voltai-backend:latest. Image pull failed because the image was not found. Check the registry to ensure the image is present or check for any misspellings., Details: Site container: voltai-api-prod terminated during site startup. Cancelling site startup., DetailsLevel: ERR
2026-03-21T12:08:58.2474941Z Site container: voltai-api-prod_managedIdentity terminated during site startup.
2026-03-21T12:08:58.2477214Z State: Stopping, Action: UnmountingVolumes, LastError: ImageNotFoundFailure, LastErrorTimestamp: 03/21/2026 12:08:55, LastErrorDetails: Failed to pull image: voltairegistry.azurecr.io/voltai-backend:latest. Image pull failed because the image was not found. Check the registry to ensure the image is present or check for any misspellings., Details: Site container: voltai-api-prod terminated during site startup. Cancelling site startup., DetailsLevel: ERR
2026-03-21T12:08:58.3683297Z State: Stopping, Action: StoppingSiteNetworks, LastError: ImageNotFoundFailure, LastErrorTimestamp: 03/21/2026 12:08:55, LastErrorDetails: Failed to pull image: voltairegistry.azurecr.io/voltai-backend:latest. Image pull failed because the image was not found. Check the registry to ensure the image is present or check for any misspellings., Details: Site container: voltai-api-prod terminated during site startup. Cancelling site startup., DetailsLevel: ERR
2026-03-21T12:08:59.0182745Z Site: voltai-api-prod will be blocked for 1 minutes till 03/21/2026 12:09:59
2026-03-21T12:08:59.0185258Z State: Blocked, Action: StoppingSiteNetworks, LastError: ImageNotFoundFailure, LastErrorTimestamp: 03/21/2026 12:08:55, LastErrorDetails: Failed to pull image: voltairegistry.azurecr.io/voltai-backend:latest. Image pull failed because the image was not found. Check the registry to ensure the image is present or check for any misspellings., Details: Site: voltai-api-prod will be blocked for 1 minutes till 03/21/2026 12:09:59, DetailsLevel: WARN
2026-03-21T12:08:59.0203698Z State: Stopped, Action: None, LastError: ImageNotFoundFailure, LastErrorTimestamp: 03/21/2026 12:08:55, LastErrorDetails: Failed to pull image: voltairegistry.azurecr.io/voltai-backend:latest. Image pull failed because the image was not found. Check the registry to ensure the image is present or check for any misspellings., Details: Site stopped at 03/21/2026 12:08:59 (UTC), DetailsLevel: WARN
2026-03-21T12:08:59.4812648Z State: Stopped, Action: None, LastError: ImageNotFoundFailure, LastErrorTimestamp: 03/21/2026 12:08:55, LastErrorDetails: Failed to pull image: voltairegistry.azurecr.io/voltai-backend:latest. Image pull failed because the image was not found. Check the registry to ensure the image is present or check for any misspellings., Details: Site stopped at 03/21/2026 12:08:59 (UTC), DetailsLevel: WARN
2026-03-21T12:09:59.0283117Z Site: voltai-api-prod is unblocked.
2026-03-21T12:10:10.5621578Z State: Starting, Action: EstablishingSiteNetworks, LastError: ImageNotFoundFailure, LastErrorTimestamp: 03/21/2026 12:08:55, LastErrorDetails: Failed to pull image: voltairegistry.azurecr.io/voltai-backend:latest. Image pull failed because the image was not found. Check the registry to ensure the image is present or check for any misspellings., Details: Site stopped at 03/21/2026 12:08:59 (UTC), DetailsLevel: WARN
2026-03-21T12:10:18.5354808Z State: Starting, Action: StartingMsiContainer, LastError: ImageNotFoundFailure, LastErrorTimestamp: 03/21/2026 12:08:55, LastErrorDetails: Failed to pull image: voltairegistry.azurecr.io/voltai-backend:latest. Image pull failed because the image was not found. Check the registry to ensure the image is present or check for any misspellings., Details: Site stopped at 03/21/2026 12:08:59 (UTC), DetailsLevel: WARN
2026-03-21T12:10:40.2309143Z State: Starting, Action: StartingSiteContainers, LastError: ImageNotFoundFailure, LastErrorTimestamp: 03/21/2026 12:08:55, LastErrorDetails: Failed to pull image: voltairegistry.azurecr.io/voltai-backend:latest. Image pull failed because the image was not found. Check the registry to ensure the image is present or check for any misspellings., Details: Site stopped at 03/21/2026 12:08:59 (UTC), DetailsLevel: WARN
2026-03-21T12:10:40.2312057Z Container start method called.
2026-03-21T12:10:40.2312757Z State: Starting, Action: PullingImage, LastError: ImageNotFoundFailure, LastErrorTimestamp: 03/21/2026 12:08:55, LastErrorDetails: Failed to pull image: voltairegistry.azurecr.io/voltai-backend:latest. Image pull failed because the image was not found. Check the registry to ensure the image is present or check for any misspellings., Details: Pulling image voltairegistry.azurecr.io/voltai-backend:latest for voltai-api-prod., DetailsLevel: INFO
2026-03-21T12:10:40.2313673Z Establishing network.
2026-03-21T12:10:40.2314799Z Pulling image: voltairegistry.azurecr.io/voltai-backend:latest.
2026-03-21T12:10:48.5515856Z Container pull image failed with reason: ImagePullFailure. Revert by terminate.
2026-03-21T12:10:48.5530014Z Container is terminating. Grace period: 5 seconds.
2026-03-21T12:10:48.5539968Z Container spec TerminationMessagePolicy  path 
2026-03-21T12:10:48.5545773Z Container is terminated. Total time elapsed: 1 ms.
2026-03-21T12:10:48.6134421Z Site container: voltai-api-prod terminated during site startup.
2026-03-21T12:10:48.6135985Z State: Stopping, Action: CancellingStartup, LastError: ImageNotFoundFailure, LastErrorTimestamp: 03/21/2026 12:08:55, LastErrorDetails: Failed to pull image: voltairegistry.azurecr.io/voltai-backend:latest. Image pull failed because the image was not found. Check the registry to ensure the image is present or check for any misspellings., Details: Site container: voltai-api-prod terminated during site startup. Cancelling site startup., DetailsLevel: ERR
2026-03-21T12:10:48.6647568Z State: Stopping, Action: CancellingStartup, LastError: ImageNotFoundFailure, LastErrorTimestamp: 03/21/2026 12:10:48, LastErrorDetails: Failed to pull image: voltairegistry.azurecr.io/voltai-backend:latest. Image pull failed because the image was not found. Check the registry to ensure the image is present or check for any misspellings., Details: Site container: voltai-api-prod terminated during site startup. Cancelling site startup., DetailsLevel: ERR
2026-03-21T12:10:49.0654088Z Failed to start site. Revert by stopping site.
2026-03-21T12:10:49.0764016Z State: Stopping, Action: StoppingSite, LastError: ImageNotFoundFailure, LastErrorTimestamp: 03/21/2026 12:10:48, LastErrorDetails: Failed to pull image: voltairegistry.azurecr.io/voltai-backend:latest. Image pull failed because the image was not found. Check the registry to ensure the image is present or check for any misspellings., Details: Site container: voltai-api-prod terminated during site startup. Cancelling site startup., DetailsLevel: ERR
2026-03-21T12:10:49.1459498Z State: Stopping, Action: StoppingSiteContainers, LastError: ImageNotFoundFailure, LastErrorTimestamp: 03/21/2026 12:10:48, LastErrorDetails: Failed to pull image: voltairegistry.azurecr.io/voltai-backend:latest. Image pull failed because the image was not found. Check the registry to ensure the image is present or check for any misspellings., Details: Site container: voltai-api-prod terminated during site startup. Cancelling site startup., DetailsLevel: ERR
2026-03-21T12:10:49.1459927Z Site: voltai-api-prod stopped.
